Traceback (most recent call last):
  File "/home/nizar/noxim3d-dnn/results_ext/topn/matrix/phase6_minE.py", line 83, in <module>
    with mp.Pool(8) as pool: rows=pool.map(make(regime),args)
                                  ^^^^^^^^^^^^^^^^^^^^^^^^^^^
  File "/usr/lib/python3.12/multiprocessing/pool.py", line 367, in map
    return self._map_async(func, iterable, mapstar, chunksize).get()
           ^^^^^^^^^^^^^^^^^^^^^^^^^^^^^^^^^^^^^^^^^^^^^^^^^^^^^^^^^
  File "/usr/lib/python3.12/multiprocessing/pool.py", line 774, in get
    raise self._value
  File "/usr/lib/python3.12/multiprocessing/pool.py", line 540, in _handle_tasks
    put(task)
  File "/usr/lib/python3.12/multiprocessing/connection.py", line 206, in send
    self._send_bytes(_ForkingPickler.dumps(obj))
                     ^^^^^^^^^^^^^^^^^^^^^^^^^^
  File "/usr/lib/python3.12/multiprocessing/reduction.py", line 51, in dumps
    cls(buf, protocol).dump(obj)
AttributeError: Can't pickle local object 'make.<locals>.job'
=== minE start Fri Sep 18 23:34:34 +03 2026
=== minE probe done Fri Sep 18 23:40:24 +03 2026
esxd_aN0       k0.45 depth 3.9x OOB  (0.15:1.0x 0.25:1.2x 0.35:2.0x 0.45:3.9x 0.55:14.7x 0.65:32.6x 0.76:86.6x)
esxd_aN1       k0.45 depth 4.5x OK  (0.15:1.0x 0.25:1.5x 0.35:2.1x 0.45:4.5x 0.55:11.1x 0.65:41.9x 0.76:56.4x)
esxd_aN10      k0.45 depth 3.5x OOB  (0.15:1.0x 0.25:1.6x 0.35:2.0x 0.45:3.5x 0.55:13.0x 0.65:39.6x 0.76:66.4x)
esxd_aN2       k0.45 depth 3.2x OOB  (0.15:1.0x 0.25:1.4x 0.35:2.0x 0.45:3.2x 0.55:8.2x 0.65:37.5x 0.76:35.2x)
esxd_aN3       k0.35 depth 3.2x OOB  (0.15:1.0x 0.25:1.4x 0.35:3.2x 0.45:8.4x 0.55:22.8x 0.65:25.6x 0.76:31.0x)
esxd_aN4       k0.45 depth 3.9x OOB  (0.15:1.0x 0.25:1.4x 0.35:2.1x 0.45:3.9x 0.55:11.1x 0.65:36.1x 0.76:78.3x)
esxd_aN5       k0.45 depth 3.1x OOB  (0.15:1.0x 0.25:1.5x 0.35:1.9x 0.45:3.1x 0.55:10.7x 0.65:45.5x 0.76:57.1x)
esxd_aN6       k0.45 depth 3.5x OOB  (0.15:1.0x 0.25:1.4x 0.35:2.0x 0.45:3.5x 0.55:18.1x 0.65:43.0x 0.76:69.5x)
esxd_bN0       k0.58 depth 5.8x OK  (0.47:1.0x 0.55:2.6x 0.58:5.8x 0.60:8.5x 0.62:9.0x 0.65:11.0x 0.70:13.6x)
esxd_bN1       k0.60 depth 4.4x OK  (0.47:1.0x 0.55:3.0x 0.58:5.9x 0.60:4.4x 0.62:7.0x 0.65:8.6x 0.70:10.8x)
esxd_bN10      k0.58 depth 4.3x OK  (0.47:1.0x 0.55:2.7x 0.58:4.3x 0.60:6.7x 0.62:8.7x 0.65:8.0x 0.70:12.1x)
esxd_bN2       k0.58 depth 4.8x OK  (0.47:1.0x 0.55:1.9x 0.58:4.8x 0.60:7.2x 0.62:7.3x 0.65:11.2x 0.70:14.2x)
esxd_bN3       k0.60 depth 5.6x OK  (0.47:1.0x 0.55:2.1x 0.58:3.9x 0.60:5.6x 0.62:10.1x 0.65:11.1x 0.70:10.7x)
esxd_bN4       k0.58 depth 3.4x OOB  (0.47:1.0x 0.55:2.1x 0.58:3.4x 0.60:6.7x 0.62:8.0x 0.65:7.8x 0.70:9.9x)
esxd_bN5       k0.60 depth 4.8x OK  (0.47:1.0x 0.55:2.5x 0.58:3.5x 0.60:4.8x 0.62:8.1x 0.65:10.0x 0.70:11.2x)
esxd_bN6       k0.58 depth 3.4x OOB  (0.47:1.0x 0.55:2.4x 0.58:3.4x 0.60:3.1x 0.62:7.6x 0.65:9.3x 0.70:11.4x)
r1628_aN0      k1.80 depth 4.7x OK  (0.40:1.0x 0.70:1.1x 1.00:1.4x 1.40:2.2x 1.70:3.5x 1.80:4.7x 2.10:11.8x)
r1628_aN1      k1.80 depth 4.3x OK  (0.40:1.0x 0.70:1.2x 1.00:1.6x 1.40:2.7x 1.70:3.9x 1.80:4.3x 2.10:9.5x)
r1628_aN2      k1.80 depth 5.9x OK  (0.40:1.0x 0.70:1.4x 1.00:1.7x 1.40:3.3x 1.70:5.9x 1.80:5.9x 2.10:20.4x)
r1628_aN3      k1.80 depth 4.9x OK  (0.40:1.0x 0.70:1.4x 1.00:1.6x 1.40:2.5x 1.70:5.4x 1.80:4.9x 2.10:8.0x)
r1628_aN4      k1.80 depth 3.7x OOB  (0.40:1.0x 0.70:1.2x 1.00:1.5x 1.40:2.3x 1.70:2.8x 1.80:3.7x 2.10:8.3x)
r1628_aN5      k1.80 depth 4.8x OK  (0.40:1.0x 0.70:1.1x 1.00:1.4x 1.40:2.2x 1.70:3.9x 1.80:4.8x 2.10:14.2x)
r1628_aN6      k1.70 depth 3.9x OOB  (0.40:1.0x 0.70:1.3x 1.00:1.7x 1.40:2.9x 1.70:3.9x 1.80:7.0x 2.10:29.5x)
r1628_aN7      k1.70 depth 5.6x OK  (0.40:1.0x 0.70:1.1x 1.00:1.4x 1.40:2.4x 1.70:5.6x 1.80:5.9x 2.10:19.7x)
r1628_bN0      k1.80 depth 5.1x OK  (0.40:1.0x 0.70:1.2x 1.00:1.6x 1.40:2.2x 1.70:3.7x 1.80:5.1x 2.10:20.1x)
r1628_bN1      k1.80 depth 4.9x OK  (0.40:1.0x 0.70:1.3x 1.00:1.5x 1.40:2.2x 1.70:2.9x 1.80:4.9x 2.10:20.9x)
r1628_bN2      k1.80 depth 4.3x OK  (0.40:1.0x 0.70:1.4x 1.00:1.5x 1.40:2.3x 1.70:3.4x 1.80:4.3x 2.10:15.3x)
r1628_bN3      k1.70 depth 4.6x OK  (0.40:1.0x 0.70:1.2x 1.00:1.4x 1.40:3.3x 1.70:4.6x 1.80:10.9x 2.10:50.8x)
r1628_bN4      k1.80 depth 4.8x OK  (0.40:1.0x 0.70:1.3x 1.00:1.6x 1.40:2.6x 1.70:4.1x 1.80:4.8x 2.10:10.6x)
r1628_bN5      k1.70 depth 4.9x OK  (0.40:1.0x 0.70:1.3x 1.00:1.6x 1.40:2.4x 1.70:4.9x 1.80:4.4x 2.10:13.8x)
r1628_bN6      k1.80 depth 4.6x OK  (0.40:1.0x 0.70:1.3x 1.00:1.6x 1.40:2.5x 1.70:4.1x 1.80:4.6x 2.10:10.5x)
r1628_bN7      k1.80 depth 5.8x OK  (0.40:1.0x 0.70:1.2x 1.00:1.5x 1.40:2.5x 1.70:3.8x 1.80:5.8x 2.10:16.7x)
v1644_aN0      k0.40 depth 4.9x OK  (0.06:1.0x 0.10:1.2x 0.15:1.4x 0.20:1.7x 0.25:2.0x 0.32:3.0x 0.40:4.9x)
v1644_aN1      k0.40 depth 5.5x OK  (0.06:1.0x 0.10:1.1x 0.15:1.4x 0.20:1.7x 0.25:2.2x 0.32:3.2x 0.40:5.5x)
v1644_aN2      k0.32 depth 4.1x OK  (0.06:1.0x 0.10:1.2x 0.15:1.5x 0.20:1.7x 0.25:2.3x 0.32:4.1x 0.40:9.4x)
v1644_aN3      k0.40 depth 6.1x OOB  (0.06:1.0x 0.10:1.2x 0.15:1.5x 0.20:1.8x 0.25:2.3x 0.32:3.3x 0.40:6.1x)
v1644_aN4      k0.32 depth 3.1x OOB  (0.06:1.0x 0.10:1.1x 0.15:1.4x 0.20:1.7x 0.25:2.2x 0.32:3.1x 0.40:18.1x)
v1644_aN5      k0.40 depth 4.6x OK  (0.06:1.0x 0.10:1.1x 0.15:1.4x 0.20:1.7x 0.25:2.2x 0.32:2.9x 0.40:4.6x)
v1644_aN6      k0.32 depth 3.4x OOB  (0.06:1.0x 0.10:1.2x 0.15:1.4x 0.20:1.8x 0.25:2.4x 0.32:3.4x 0.40:8.1x)
v1644_aN7      k0.40 depth 5.4x OK  (0.06:1.0x 0.10:1.1x 0.15:1.4x 0.20:1.7x 0.25:2.3x 0.32:3.3x 0.40:5.4x)
v1644_bN0      k0.45 depth 5.5x OK  (0.15:1.0x 0.25:1.5x 0.40:3.3x 0.43:4.3x 0.45:5.5x 0.48:6.4x 0.52:17.7x)
v1644_bN1      k0.45 depth 5.1x OK  (0.15:1.0x 0.25:1.5x 0.40:3.4x 0.43:3.9x 0.45:5.1x 0.48:6.6x 0.52:14.9x)
v1644_bN2      k0.43 depth 4.8x OK  (0.15:1.0x 0.25:1.5x 0.40:3.6x 0.43:4.8x 0.45:5.4x 0.48:7.1x 0.52:15.7x)
v1644_bN3      k0.45 depth 4.7x OK  (0.15:1.0x 0.25:1.5x 0.40:3.6x 0.43:4.0x 0.45:4.7x 0.48:7.0x 0.52:14.4x)
v1644_bN4      k0.45 depth 5.2x OK  (0.15:1.0x 0.25:1.5x 0.40:3.2x 0.43:4.0x 0.45:5.2x 0.48:7.0x 0.52:14.2x)
v1644_bN5      k0.45 depth 5.4x OK  (0.15:1.0x 0.25:1.5x 0.40:3.1x 0.43:4.2x 0.45:5.4x 0.48:6.6x 0.52:9.7x)
v1644_bN6      k0.45 depth 5.3x OK  (0.15:1.0x 0.25:1.5x 0.40:3.1x 0.43:4.2x 0.45:5.3x 0.48:6.3x 0.52:11.0x)
v1644_bN7      k0.45 depth 4.7x OK  (0.15:1.0x 0.25:1.4x 0.40:3.3x 0.43:3.9x 0.45:4.7x 0.48:6.7x 0.52:13.9x)
=== minE main done Sat Sep 19 00:27:14 +03 2026
1152 results_ext/topn/matrix/res_minE.txt
0
MINE DONE Sat Sep 19 00:27:14 +03 2026
