=== bE start Fri Sep 18 21:43:46 +03 2026
=== bE probe done Fri Sep 18 21:48:34 +03 2026
esxd_bE0       k0.58 depth 4.7x OK  (0.47:1.0x 0.55:4.2x 0.58:4.7x 0.60:7.4x 0.62:7.8x 0.65:10.1x 0.70:12.2x)
esxd_bE1       k0.58 depth 4.3x OK  (0.47:1.0x 0.55:2.8x 0.58:4.3x 0.60:7.3x 0.62:9.5x 0.65:10.7x 0.70:9.5x)
esxd_bE2       k0.58 depth 3.7x OOB  (0.47:1.0x 0.55:2.3x 0.58:3.7x 0.60:7.4x 0.62:8.7x 0.65:9.3x 0.70:10.5x)
esxd_bE3       k0.58 depth 5.1x OK  (0.47:1.0x 0.55:1.9x 0.58:5.1x 0.60:4.4x 0.62:5.8x 0.65:7.2x 0.70:10.9x)
esxd_bE4       k0.60 depth 6.3x OOB  (0.47:1.0x 0.55:3.2x 0.58:3.2x 0.60:6.3x 0.62:9.2x 0.65:10.6x 0.70:12.7x)
esxd_bE5       k0.60 depth 5.3x OK  (0.47:1.0x 0.55:2.2x 0.58:6.1x 0.60:5.3x 0.62:6.2x 0.65:8.2x 0.70:10.1x)
esxd_bE6       k0.58 depth 5.1x OK  (0.47:1.0x 0.55:3.3x 0.58:5.1x 0.60:4.2x 0.62:7.1x 0.65:7.8x 0.70:10.9x)
esxd_bE7       k0.60 depth 5.1x OK  (0.47:1.0x 0.55:2.2x 0.58:3.7x 0.60:5.1x 0.62:6.2x 0.65:8.8x 0.70:9.5x)
r1628_bE0      k1.80 depth 5.0x OK  (0.40:1.0x 0.70:1.3x 1.00:1.7x 1.40:2.6x 1.70:3.7x 1.80:5.0x 2.10:13.2x)
r1628_bE1      k1.70 depth 4.9x OK  (0.40:1.0x 0.70:1.1x 1.00:1.5x 1.40:2.3x 1.70:4.9x 1.80:4.3x 2.10:11.1x)
r1628_bE2      k1.80 depth 4.5x OK  (0.40:1.0x 0.70:1.2x 1.00:1.7x 1.40:2.4x 1.70:4.0x 1.80:4.5x 2.10:10.0x)
r1628_bE3      k1.80 depth 4.9x OK  (0.40:1.0x 0.70:1.2x 1.00:1.8x 1.40:2.9x 1.70:3.6x 1.80:4.9x 2.10:21.8x)
r1628_bE4      k1.80 depth 5.5x OK  (0.40:1.0x 0.70:1.3x 1.00:1.5x 1.40:2.1x 1.70:4.1x 1.80:5.5x 2.10:15.3x)
r1628_bE5      k1.80 depth 4.3x OK  (0.40:1.0x 0.70:1.2x 1.00:1.5x 1.40:2.2x 1.70:3.4x 1.80:4.3x 2.10:10.4x)
r1628_bE6      k1.70 depth 4.9x OK  (0.40:1.0x 0.70:1.3x 1.00:1.6x 1.40:2.6x 1.70:4.9x 1.80:5.2x 2.10:10.2x)
r1628_bE7      k1.80 depth 4.4x OK  (0.40:1.0x 0.70:1.2x 1.00:1.7x 1.40:2.3x 1.70:4.1x 1.80:4.4x 2.10:22.6x)
v1644_bE0      k0.43 depth 4.7x OK  (0.15:1.0x 0.25:1.5x 0.40:3.7x 0.43:4.7x 0.45:6.2x 0.48:9.6x 0.52:15.6x)
v1644_bE1      k0.43 depth 4.8x OK  (0.15:1.0x 0.25:1.5x 0.40:3.7x 0.43:4.8x 0.45:5.4x 0.48:7.1x 0.52:21.1x)
v1644_bE2      k0.45 depth 5.5x OK  (0.15:1.0x 0.25:1.5x 0.40:3.5x 0.43:4.5x 0.45:5.5x 0.48:7.6x 0.52:14.5x)
v1644_bE3      k0.45 depth 5.0x OK  (0.15:1.0x 0.25:1.6x 0.40:3.4x 0.43:4.4x 0.45:5.0x 0.48:8.0x 0.52:13.9x)
v1644_bE4      k0.45 depth 5.2x OK  (0.15:1.0x 0.25:1.5x 0.40:3.6x 0.43:4.3x 0.45:5.2x 0.48:7.0x 0.52:13.9x)
v1644_bE5      k0.45 depth 5.2x OK  (0.15:1.0x 0.25:1.6x 0.40:3.9x 0.43:4.6x 0.45:5.2x 0.48:8.6x 0.52:13.5x)
v1644_bE6      k0.45 depth 4.9x OK  (0.15:1.0x 0.25:1.5x 0.40:3.3x 0.43:4.0x 0.45:4.9x 0.48:6.2x 0.52:14.4x)
v1644_bE7      k0.45 depth 5.3x OK  (0.15:1.0x 0.25:1.4x 0.40:3.4x 0.43:4.3x 0.45:5.3x 0.48:6.8x 0.52:15.6x)
=== bE main done Fri Sep 18 22:10:30 +03 2026
576 results_ext/topn/matrix/res_bE.txt
0
BE DONE Fri Sep 18 22:10:30 +03 2026
