r1628: b2 target CCx 1.55  achieved 1.56 [1.54..1.57]  E 1.000  PL/PF 0.61
   wrote 56 tables + sinkfiles
v1644: b2 target CCx 1.52  achieved 1.52 [1.49..1.55]  E 1.000  PL/PF 0.64
   wrote 56 tables + sinkfiles
esxd: b2 target CCx 1.52  achieved 1.52 [1.51..1.54]  E 1.000  PL/PF 0.61
   wrote 56 tables + sinkfiles
PHASE5 DONE
=== b2 start Fri Sep 18 22:56:22 +03 2026
=== b2 probe done Fri Sep 18 22:59:10 +03 2026
esxd_b20       k0.60 depth 5.3x OK  (0.47:1.0x 0.55:3.2x 0.58:4.2x 0.60:5.3x 0.62:8.4x 0.65:10.0x 0.70:11.4x)
esxd_b21       k0.58 depth 4.6x OK  (0.47:1.0x 0.55:5.5x 0.58:4.6x 0.60:7.2x 0.62:10.5x 0.65:11.1x 0.70:14.6x)
esxd_b22       k0.62 depth 5.9x OK  (0.47:1.0x 0.55:3.9x 0.58:7.5x 0.60:3.8x 0.62:5.9x 0.65:11.1x 0.70:13.4x)
esxd_b23       k0.65 depth 5.0x OK  (0.47:1.0x 0.55:1.5x 0.58:2.9x 0.60:4.3x 0.62:4.7x 0.65:5.0x 0.70:6.9x)
esxd_b24       k0.58 depth 3.8x OOB  (0.47:1.0x 0.55:1.8x 0.58:3.8x 0.60:9.0x 0.62:8.5x 0.65:8.6x 0.70:11.6x)
esxd_b25       k0.60 depth 5.4x OK  (0.47:1.0x 0.55:2.1x 0.58:2.4x 0.60:5.4x 0.62:5.9x 0.65:10.3x 0.70:10.9x)
esxd_b26       k0.65 depth 4.1x OK  (0.47:1.0x 0.55:1.4x 0.58:2.9x 0.60:3.0x 0.62:2.8x 0.65:4.1x 0.70:6.6x)
esxd_b27       k0.58 depth 5.8x OK  (0.47:1.0x 0.55:2.3x 0.58:5.8x 0.60:6.0x 0.62:7.7x 0.65:9.5x 0.70:8.3x)
r1628_b20      k1.80 depth 4.3x OK  (0.40:1.0x 0.70:1.2x 1.00:1.5x 1.40:2.3x 1.70:3.6x 1.80:4.3x 2.10:15.2x)
r1628_b21      k1.80 depth 3.4x OOB  (0.40:1.0x 0.70:1.1x 1.00:1.4x 1.40:1.9x 1.70:2.6x 1.80:3.4x 2.10:8.3x)
r1628_b22      k1.80 depth 4.2x OK  (0.40:1.0x 0.70:1.1x 1.00:1.4x 1.40:2.1x 1.70:2.9x 1.80:4.2x 2.10:9.7x)
r1628_b23      k1.80 depth 4.5x OK  (0.40:1.0x 0.70:1.2x 1.00:1.6x 1.40:2.0x 1.70:3.3x 1.80:4.5x 2.10:20.0x)
r1628_b24      k1.70 depth 4.1x OK  (0.40:1.0x 0.70:1.1x 1.00:1.5x 1.40:2.3x 1.70:4.1x 1.80:4.0x 2.10:19.2x)
r1628_b25      k1.80 depth 4.3x OK  (0.40:1.0x 0.70:1.1x 1.00:1.5x 1.40:2.3x 1.70:3.5x 1.80:4.3x 2.10:11.2x)
r1628_b26      k1.80 depth 4.7x OK  (0.40:1.0x 0.70:1.1x 1.00:1.6x 1.40:2.2x 1.70:3.6x 1.80:4.7x 2.10:7.7x)
r1628_b27      k1.80 depth 4.8x OK  (0.40:1.0x 0.70:1.2x 1.00:1.5x 1.40:2.3x 1.70:3.8x 1.80:4.8x 2.10:11.8x)
v1644_b20      k0.45 depth 4.7x OK  (0.15:1.0x 0.25:1.5x 0.40:3.3x 0.43:4.1x 0.45:4.7x 0.48:6.9x 0.52:14.8x)
v1644_b21      k0.45 depth 4.4x OK  (0.15:1.0x 0.25:1.5x 0.40:3.2x 0.43:4.0x 0.45:4.4x 0.48:6.5x 0.52:12.3x)
v1644_b22      k0.45 depth 4.7x OK  (0.15:1.0x 0.25:1.5x 0.40:3.3x 0.43:4.2x 0.45:4.7x 0.48:7.2x 0.52:14.0x)
v1644_b23      k0.45 depth 4.7x OK  (0.15:1.0x 0.25:1.5x 0.40:3.4x 0.43:4.5x 0.45:4.7x 0.48:5.9x 0.52:12.3x)
v1644_b24      k0.45 depth 4.7x OK  (0.15:1.0x 0.25:1.5x 0.40:3.4x 0.43:3.7x 0.45:4.7x 0.48:6.3x 0.52:10.0x)
v1644_b25      k0.45 depth 4.8x OK  (0.15:1.0x 0.25:1.4x 0.40:3.2x 0.43:3.7x 0.45:4.8x 0.48:7.3x 0.52:10.9x)
v1644_b26      k0.45 depth 5.0x OK  (0.15:1.0x 0.25:1.5x 0.40:3.3x 0.43:4.3x 0.45:5.0x 0.48:14.8x 0.52:21.9x)
v1644_b27      k0.45 depth 4.6x OK  (0.15:1.0x 0.25:1.5x 0.40:3.2x 0.43:3.9x 0.45:4.6x 0.48:6.9x 0.52:11.5x)
=== b2 main done Fri Sep 18 23:29:35 +03 2026
576 results_ext/topn/matrix/res_b2.txt
0
B2 DONE Fri Sep 18 23:29:35 +03 2026
