=== aE start Fri Sep 18 22:23:32 +03 2026
=== aE start Fri Sep 18 22:27:40 +03 2026
=== aE probe done Fri Sep 18 22:30:21 +03 2026
esxd_aE0       k0.45 depth 3.8x OOB  (0.15:1.0x 0.25:1.5x 0.35:2.2x 0.45:3.8x 0.55:12.1x 0.65:43.6x 0.76:78.5x)
esxd_aE1       k0.45 depth 3.3x OOB  (0.15:1.0x 0.25:1.4x 0.35:2.0x 0.45:3.3x 0.55:15.8x 0.65:39.6x 0.76:65.1x)
esxd_aE2       k0.45 depth 3.0x OOB  (0.15:1.0x 0.25:1.3x 0.35:1.8x 0.45:3.0x 0.55:8.1x 0.65:34.4x 0.76:42.7x)
esxd_aE3       k0.35 depth 2.4x OOB  (0.15:1.0x 0.25:1.3x 0.35:2.4x 0.45:7.7x 0.55:18.1x 0.65:23.2x 0.76:33.0x)
esxd_aE4       k0.45 depth 3.6x OOB  (0.15:1.0x 0.25:1.3x 0.35:2.1x 0.45:3.6x 0.55:8.1x 0.65:30.4x 0.76:65.4x)
esxd_aE5       k0.45 depth 3.7x OOB  (0.15:1.0x 0.25:1.4x 0.35:2.0x 0.45:3.7x 0.55:13.1x 0.65:40.6x 0.76:63.2x)
esxd_aE6       k0.45 depth 4.6x OK  (0.15:1.0x 0.25:1.4x 0.35:2.1x 0.45:4.6x 0.55:18.5x 0.65:55.4x 0.76:90.6x)
esxd_aE7       k0.45 depth 3.9x OOB  (0.15:1.0x 0.25:1.4x 0.35:2.0x 0.45:3.9x 0.55:12.9x 0.65:41.7x 0.76:65.3x)
r1628_aE0      k1.80 depth 5.0x OK  (0.40:1.0x 0.70:1.2x 1.00:1.6x 1.40:2.4x 1.70:3.5x 1.80:5.0x 2.10:15.5x)
r1628_aE1      k1.80 depth 5.5x OK  (0.40:1.0x 0.70:1.3x 1.00:1.7x 1.40:2.3x 1.70:3.9x 1.80:5.5x 2.10:11.6x)
r1628_aE2      k1.80 depth 6.2x OOB  (0.40:1.0x 0.70:1.2x 1.00:1.7x 1.40:2.4x 1.70:3.7x 1.80:6.2x 2.10:13.1x)
r1628_aE3      k1.80 depth 4.9x OK  (0.40:1.0x 0.70:1.4x 1.00:1.6x 1.40:2.5x 1.70:5.4x 1.80:4.9x 2.10:8.0x)
r1628_aE4      k1.80 depth 3.9x OOB  (0.40:1.0x 0.70:1.1x 1.00:1.5x 1.40:2.3x 1.70:3.7x 1.80:3.9x 2.10:14.4x)
r1628_aE5      k1.70 depth 3.7x OOB  (0.40:1.0x 0.70:1.2x 1.00:1.6x 1.40:2.1x 1.70:3.7x 1.80:3.5x 2.10:8.9x)
r1628_aE6      k1.70 depth 4.8x OK  (0.40:1.0x 0.70:1.2x 1.00:1.6x 1.40:2.2x 1.70:4.8x 1.80:5.7x 2.10:23.3x)
r1628_aE7      k1.40 depth 2.7x OOB  (0.40:1.0x 0.70:1.3x 1.00:1.7x 1.40:2.7x 1.70:12.7x 1.80:17.3x 2.10:20.9x)
v1644_aE0      k0.40 depth 5.1x OK  (0.06:1.0x 0.10:1.2x 0.15:1.5x 0.20:1.8x 0.25:2.3x 0.32:3.0x 0.40:5.1x)
v1644_aE1      k0.40 depth 5.4x OK  (0.06:1.0x 0.10:1.1x 0.15:1.5x 0.20:1.8x 0.25:2.2x 0.32:3.0x 0.40:5.4x)
v1644_aE2      k0.32 depth 3.3x OOB  (0.06:1.0x 0.10:1.1x 0.15:1.3x 0.20:1.7x 0.25:2.2x 0.32:3.3x 0.40:12.5x)
v1644_aE3      k0.32 depth 3.5x OOB  (0.06:1.0x 0.10:1.2x 0.15:1.6x 0.20:1.9x 0.25:2.4x 0.32:3.5x 0.40:6.8x)
v1644_aE4      k0.40 depth 5.3x OK  (0.06:1.0x 0.10:1.2x 0.15:1.5x 0.20:1.8x 0.25:2.3x 0.32:3.1x 0.40:5.3x)
v1644_aE5      k0.40 depth 5.3x OK  (0.06:1.0x 0.10:1.2x 0.15:1.4x 0.20:1.7x 0.25:2.1x 0.32:3.0x 0.40:5.3x)
v1644_aE6      k0.40 depth 5.8x OK  (0.06:1.0x 0.10:1.1x 0.15:1.5x 0.20:1.8x 0.25:2.3x 0.32:3.3x 0.40:5.8x)
v1644_aE7      k0.40 depth 5.4x OK  (0.06:1.0x 0.10:1.1x 0.15:1.4x 0.20:1.7x 0.25:2.3x 0.32:3.3x 0.40:5.4x)
=== aE main done Fri Sep 18 22:54:11 +03 2026
576 results_ext/topn/matrix/res_aE.txt
0
AE DONE Fri Sep 18 22:54:11 +03 2026
